Nó: r2n16
colunas,1024,1024,1,0.008981,0.008548,0.000431,0.000002,0
linhas,1024,1024,1,0.002223,0.001208,0.001012,0.000002,0
colunas,1024,1024,2,0.010314,0.010037,0.000262,0.000015,0
linhas,1024,1024,2,0.004001,0.003475,0.000508,0.000017,0
colunas,1024,1024,4,0.012695,0.012469,0.000181,0.000044,0
linhas,1024,1024,4,0.005157,0.004881,0.000259,0.000017,0
colunas,1024,1024,8,0.011216,0.011023,0.000149,0.000043,0
linhas,1024,1024,8,0.003778,0.003478,0.000125,0.000175,0
colunas,1024,1024,16,0.011446,0.011219,0.000068,0.000159,0
linhas,1024,1024,16,0.001289,0.000942,0.000063,0.000284,0
colunas,1024,1024,32,0.011754,0.011538,0.000024,0.000193,0
linhas,1024,1024,32,0.001539,0.001204,0.000031,0.000303,0
colunas,1024,1024,64,0.012824,0.012614,0.000017,0.000193,0
linhas,1024,1024,64,0.002063,0.001759,0.000016,0.000288,0
colunas,4096,4096,1,0.983147,0.974653,0.008488,0.000007,0
linhas,4096,4096,1,0.030193,0.013479,0.016696,0.000018,0
colunas,4096,4096,2,0.981170,0.976652,0.004485,0.000034,0
linhas,4096,4096,2,0.033131,0.024714,0.008400,0.000017,0
colunas,4096,4096,4,0.975013,0.970989,0.003575,0.000448,0
linhas,4096,4096,4,0.031680,0.027177,0.004460,0.000042,0
colunas,4096,4096,8,0.967072,0.962867,0.003987,0.000218,0
linhas,4096,4096,8,0.026661,0.022508,0.004079,0.000073,0
colunas,4096,4096,16,0.976028,0.972204,0.003399,0.000425,0
linhas,4096,4096,16,0.016681,0.012152,0.003715,0.000814,0
colunas,4096,4096,32,0.975066,0.973040,0.001819,0.000207,0
linhas,4096,4096,32,0.012104,0.010316,0.000961,0.000827,0
colunas,4096,4096,64,1.213914,1.212716,0.001094,0.000105,0
linhas,4096,4096,64,0.011748,0.010883,0.000363,0.000502,0
colunas,16384,16384,1,16.571385,16.442097,0.129249,0.000039,0
linhas,16384,16384,1,0.475403,0.205838,0.269548,0.000017,0
colunas,16384,16384,2,16.470224,16.405403,0.064731,0.000089,0
linhas,16384,16384,2,0.458345,0.322794,0.135515,0.000036,0
colunas,16384,16384,4,16.373640,16.320792,0.052602,0.000247,0
linhas,16384,16384,4,0.422322,0.353772,0.068358,0.000192,0
colunas,16384,16384,8,16.181775,16.127510,0.053912,0.000352,0
linhas,16384,16384,8,0.345237,0.292000,0.052648,0.000589,0
colunas,16384,16384,16,16.139870,16.088075,0.049549,0.002246,0
linhas,16384,16384,16,0.226171,0.174931,0.048969,0.002272,0
colunas,16384,16384,32,16.157855,16.130518,0.025637,0.001701,0
linhas,16384,16384,32,0.144007,0.117414,0.025778,0.000815,0
colunas,16384,16384,64,19.392440,19.377493,0.012497,0.002451,0
linhas,16384,16384,64,0.113475,0.098165,0.014160,0.001149,0
colunas,1024,1024,1,0.010097,0.009450,0.000645,0.000002,0
linhas,1024,1024,1,0.002190,0.001182,0.001002,0.000007,0
colunas,1024,1024,2,0.010512,0.010233,0.000263,0.000016,0
linhas,1024,1024,2,0.004122,0.003601,0.000499,0.000022,0
colunas,1024,1024,4,0.012604,0.012375,0.000178,0.000051,0
linhas,1024,1024,4,0.005428,0.005148,0.000259,0.000022,0
colunas,1024,1024,8,0.011320,0.011020,0.000176,0.000124,0
linhas,1024,1024,8,0.003797,0.003483,0.000137,0.000177,0
colunas,1024,1024,16,0.011355,0.011122,0.000060,0.000174,0
linhas,1024,1024,16,0.001311,0.000953,0.000070,0.000289,0
colunas,1024,1024,32,0.011366,0.011155,0.000024,0.000187,0
linhas,1024,1024,32,0.001609,0.001233,0.000048,0.000327,0
colunas,1024,1024,64,0.012852,0.012633,0.000015,0.000204,0
linhas,1024,1024,64,0.002029,0.001735,0.000017,0.000277,0
colunas,4096,4096,1,0.989724,0.981735,0.007982,0.000007,0
linhas,4096,4096,1,0.030121,0.013385,0.016717,0.000018,0
colunas,4096,4096,2,0.980855,0.976311,0.004499,0.000045,0
linhas,4096,4096,2,0.033729,0.025306,0.008377,0.000046,0
colunas,4096,4096,4,0.975949,0.971847,0.003560,0.000543,0
linhas,4096,4096,4,0.032772,0.028214,0.004481,0.000076,0
colunas,4096,4096,8,0.967186,0.962234,0.004578,0.000374,0
linhas,4096,4096,8,0.026284,0.022057,0.004147,0.000079,0
colunas,4096,4096,16,0.976011,0.972235,0.003399,0.000377,0
linhas,4096,4096,16,0.017074,0.012557,0.003649,0.000867,0
colunas,4096,4096,32,0.975432,0.973464,0.001795,0.000173,0
linhas,4096,4096,32,0.011096,0.009058,0.001398,0.000640,0
colunas,4096,4096,64,1.219466,1.218243,0.001096,0.000128,0
linhas,4096,4096,64,0.011932,0.011119,0.000386,0.000427,0
colunas,16384,16384,1,16.613278,16.479800,0.133441,0.000036,0
linhas,16384,16384,1,0.477451,0.204715,0.272720,0.000016,0
colunas,16384,16384,2,16.399438,16.334785,0.064574,0.000080,0
linhas,16384,16384,2,0.446783,0.310756,0.135982,0.000044,0
colunas,16384,16384,4,16.350867,16.299395,0.051354,0.000118,0
linhas,16384,16384,4,0.427371,0.358743,0.068062,0.000565,0
colunas,16384,16384,8,16.187294,16.132631,0.053868,0.000795,0
linhas,16384,16384,8,0.345219,0.291530,0.052410,0.001279,0
colunas,16384,16384,16,16.091499,16.040554,0.048854,0.002090,0
linhas,16384,16384,16,0.226667,0.175277,0.048779,0.002611,0
colunas,16384,16384,32,16.422909,16.396081,0.024779,0.002048,0
linhas,16384,16384,32,0.145499,0.118658,0.025913,0.000928,0
colunas,16384,16384,64,19.867056,19.852298,0.012618,0.002140,0
linhas,16384,16384,64,0.112277,0.097235,0.013842,0.001201,0
colunas,1024,1024,1,0.009112,0.008564,0.000547,0.000002,0
linhas,1024,1024,1,0.002161,0.001158,0.001001,0.000002,0
colunas,1024,1024,2,0.011324,0.011084,0.000228,0.000012,0
linhas,1024,1024,2,0.003811,0.003280,0.000499,0.000031,0
colunas,1024,1024,4,0.012742,0.012503,0.000191,0.000048,0
linhas,1024,1024,4,0.005574,0.005304,0.000250,0.000019,0
colunas,1024,1024,8,0.011393,0.011168,0.000182,0.000044,0
linhas,1024,1024,8,0.003367,0.003065,0.000127,0.000175,0
colunas,1024,1024,16,0.011434,0.011120,0.000063,0.000252,0
linhas,1024,1024,16,0.001484,0.001150,0.000064,0.000270,0
colunas,1024,1024,32,0.011684,0.011462,0.000025,0.000197,0
linhas,1024,1024,32,0.001503,0.001226,0.000032,0.000245,0
colunas,1024,1024,64,0.012727,0.012512,0.000018,0.000197,0
linhas,1024,1024,64,0.002099,0.001774,0.000016,0.000309,0
colunas,4096,4096,1,0.991376,0.983456,0.007912,0.000007,0
linhas,4096,4096,1,0.030847,0.014080,0.016741,0.000025,0
colunas,4096,4096,2,0.982151,0.977595,0.004371,0.000186,0
linhas,4096,4096,2,0.035080,0.026671,0.008391,0.000018,0
colunas,4096,4096,4,0.983458,0.979658,0.003561,0.000239,0
linhas,4096,4096,4,0.031231,0.026815,0.004377,0.000040,0
colunas,4096,4096,8,0.973278,0.969140,0.003939,0.000199,0
linhas,4096,4096,8,0.026102,0.021980,0.004050,0.000072,0
colunas,4096,4096,16,0.973331,0.969354,0.003685,0.000292,0
linhas,4096,4096,16,0.016634,0.012223,0.003832,0.000578,0
colunas,4096,4096,32,0.991186,0.989249,0.001682,0.000255,0
linhas,4096,4096,32,0.012149,0.010368,0.001003,0.000778,0
colunas,4096,4096,64,1.229770,1.228521,0.001129,0.000120,0
linhas,4096,4096,64,0.012052,0.011238,0.000333,0.000481,0
colunas,16384,16384,1,16.537506,16.409162,0.128305,0.000039,0
linhas,16384,16384,1,0.474636,0.205364,0.269257,0.000015,0
colunas,16384,16384,2,16.459786,16.394497,0.065217,0.000072,0
linhas,16384,16384,2,0.443672,0.308501,0.135133,0.000039,0
colunas,16384,16384,4,16.335303,16.283657,0.051529,0.000116,0
linhas,16384,16384,4,0.421151,0.352768,0.068339,0.000045,0
colunas,16384,16384,8,16.148215,16.094194,0.053703,0.000317,0
linhas,16384,16384,8,0.345994,0.292588,0.053158,0.000249,0
colunas,16384,16384,16,16.132888,16.081147,0.049625,0.002117,0
linhas,16384,16384,16,0.231641,0.180715,0.048973,0.001953,0
colunas,16384,16384,32,16.677070,16.649395,0.025202,0.002473,0
linhas,16384,16384,32,0.145377,0.118369,0.025783,0.001225,0
colunas,16384,16384,64,19.913055,19.897984,0.012944,0.002127,0
linhas,16384,16384,64,0.116066,0.100804,0.013904,0.001358,0
