Nós: r2n03 r2n04 
bytes,trocas,tempo_total_s,tempo_por_troca_us,banda_MBps
8,10000,0.025435,2.544,6.3
16,10000,0.026509,2.651,12.1
32,10000,0.028779,2.878,22.2
64,10000,0.031247,3.125,41.0
128,10000,0.030888,3.089,82.9
256,10000,0.035501,3.550,144.2
512,10000,0.035670,3.567,287.1
1024,10000,0.039843,3.984,514.0
2048,10000,0.050536,5.054,810.5
4096,10000,0.062601,6.260,1308.6
8192,10000,0.075775,7.578,2162.2
16384,10000,0.097994,9.799,3343.9
32768,10000,0.131387,13.139,4988.0
65536,10000,0.188175,18.818,6965.4
131072,200,0.006634,33.171,7902.8
262144,200,0.011599,57.996,9040.1
524288,200,0.019137,95.683,10958.8
1048576,200,0.036117,180.587,11613.0
2097152,200,0.070093,350.463,11967.9
4194304,200,0.138051,690.256,12152.9
8388608,200,0.274273,1371.366,12233.9
16777216,200,0.545745,2728.723,12296.8
