Nós: r2n03 r2n04 
bytes,trocas,tempo_total_s,tempo_por_troca_us,banda_MBps
8,10000,0.022821,2.282,7.0
16,10000,0.023565,2.356,13.6
32,10000,0.026014,2.601,24.6
64,10000,0.027747,2.775,46.1
128,10000,0.028606,2.861,89.5
256,10000,0.035701,3.570,143.4
512,10000,0.035749,3.575,286.4
1024,10000,0.039504,3.950,518.4
2048,10000,0.050421,5.042,812.4
4096,10000,0.062541,6.254,1309.9
8192,10000,0.075756,7.576,2162.7
16384,10000,0.098181,9.818,3337.5
32768,10000,0.133675,13.367,4902.7
65536,10000,0.188534,18.853,6952.2
131072,200,0.006623,33.114,7916.3
262144,200,0.011142,55.709,9411.2
524288,200,0.019602,98.010,10698.7
1048576,200,0.036153,180.767,11601.4
2097152,200,0.070087,350.436,11968.8
4194304,200,0.138078,690.391,12150.5
8388608,200,0.273968,1369.839,12247.6
16777216,200,0.546483,2732.413,12280.1
