=== Nó: r2n53.npad.internal ===
Thread(s) per core:  2
Core(s) per socket:  64
Socket(s):           2
NUMA node(s):        8
Model name:          AMD EPYC 7713 64-Core Processor

rm -f fluid_scale pascal_fluid_v1 pascal_fluid_v2 pascal_fluid_v3 pascal_fluid_v4
gcc -O3 -march=native -fopenmp -Wall -Wextra -DVERSAO=1 -o pascal_fluid_v1 pascal_fluid.c -lm -lmpascalops
gcc -O3 -march=native -fopenmp -Wall -Wextra -DVERSAO=2 -o pascal_fluid_v2 pascal_fluid.c -lm -lmpascalops
gcc -O3 -march=native -fopenmp -Wall -Wextra -DVERSAO=3 -o pascal_fluid_v3 pascal_fluid.c -lm -lmpascalops
gcc -O3 -march=native -fopenmp -Wall -Wextra -DVERSAO=4 -o pascal_fluid_v4 pascal_fluid.c -lm -lmpascalops
>>> PaScal Analyzer — versão v1
[32m[Pascal][0m Running with ['cores', 'input', 'repetitions']
[32m[Pascal][0m Cores: 128 Input: 0 
[32m[Pascal][0m Total time 0.8293781280517578
[32m[Pascal][0m Total time 0.8213315010070801
[32m[Pascal][0m Total time 0.9173498153686523
[32m[Pascal][0m Cores: 128 Input: 1 
[32m[Pascal][0m Total time 1.9057185649871826
[32m[Pascal][0m Total time 1.8212008476257324
[32m[Pascal][0m Total time 1.683762550354004
[32m[Pascal][0m Cores: 128 Input: 2 
[32m[Pascal][0m Total time 2.4985411167144775
[32m[Pascal][0m Total time 2.7348763942718506
[32m[Pascal][0m Total time 2.3851382732391357
[32m[Pascal][0m Cores: 128 Input: 3 
[32m[Pascal][0m Total time 3.504169464111328
[32m[Pascal][0m Total time 3.0922064781188965
[32m[Pascal][0m Total time 3.145998001098633
[32m[Pascal][0m Cores: 128 Input: 4 
[32m[Pascal][0m Total time 5.212029933929443
[32m[Pascal][0m Total time 5.6362364292144775
[32m[Pascal][0m Total time 5.26922607421875
[32m[Pascal][0m Cores: 128 Input: 5 
[32m[Pascal][0m Total time 8.988720655441284
[32m[Pascal][0m Total time 8.902593851089478
[32m[Pascal][0m Total time 9.351955890655518
[32m[Pascal][0m Cores: 128 Input: 6 
[32m[Pascal][0m Total time 16.983269929885864
[32m[Pascal][0m Total time 16.87197780609131
[32m[Pascal][0m Total time 17.17607021331787
[32m[Pascal][0m Cores: 128 Input: 7 
[32m[Pascal][0m Total time 35.50923418998718
[32m[Pascal][0m Total time 28.440195560455322
[32m[Pascal][0m Total time 35.59572100639343
[32m[Pascal][0m Cores: 64 Input: 0 
[32m[Pascal][0m Total time 0.4559824466705322
[32m[Pascal][0m Total time 0.4902231693267822
[32m[Pascal][0m Total time 0.4792959690093994
[32m[Pascal][0m Cores: 64 Input: 1 
[32m[Pascal][0m Total time 1.0153264999389648
[32m[Pascal][0m Total time 1.1815040111541748
[32m[Pascal][0m Total time 1.0221951007843018
[32m[Pascal][0m Cores: 64 Input: 2 
[32m[Pascal][0m Total time 2.0780296325683594
[32m[Pascal][0m Total time 2.1791841983795166
[32m[Pascal][0m Total time 2.0038230419158936
[32m[Pascal][0m Cores: 64 Input: 3 
[32m[Pascal][0m Total time 2.8753392696380615
[32m[Pascal][0m Total time 2.7667109966278076
[32m[Pascal][0m Total time 2.7267913818359375
[32m[Pascal][0m Cores: 64 Input: 4 
[32m[Pascal][0m Total time 5.3326029777526855
[32m[Pascal][0m Total time 5.3461432456970215
[32m[Pascal][0m Total time 5.362123250961304
[32m[Pascal][0m Cores: 64 Input: 5 
[32m[Pascal][0m Total time 8.775434732437134
[32m[Pascal][0m Total time 8.608448028564453
[32m[Pascal][0m Total time 8.383214473724365
[32m[Pascal][0m Cores: 64 Input: 6 
[32m[Pascal][0m Total time 18.559486389160156
[32m[Pascal][0m Total time 18.88752818107605
[32m[Pascal][0m Total time 17.88467788696289
[32m[Pascal][0m Cores: 64 Input: 7 
[32m[Pascal][0m Total time 36.623427391052246
[32m[Pascal][0m Total time 37.66687035560608
[32m[Pascal][0m Total time 35.56286931037903
[32m[Pascal][0m Cores: 32 Input: 0 
[32m[Pascal][0m Total time 0.38574934005737305
[32m[Pascal][0m Total time 0.47837185859680176
[32m[Pascal][0m Total time 0.43036985397338867
[32m[Pascal][0m Cores: 32 Input: 1 
[32m[Pascal][0m Total time 0.7927737236022949
[32m[Pascal][0m Total time 1.03914213180542
[32m[Pascal][0m Total time 0.9675419330596924
[32m[Pascal][0m Cores: 32 Input: 2 
[32m[Pascal][0m Total time 1.4760067462921143
[32m[Pascal][0m Total time 1.455143928527832
[32m[Pascal][0m Total time 1.5347564220428467
[32m[Pascal][0m Cores: 32 Input: 3 
[32m[Pascal][0m Total time 2.528973340988159
[32m[Pascal][0m Total time 2.676380157470703
[32m[Pascal][0m Total time 2.852961778640747
[32m[Pascal][0m Cores: 32 Input: 4 
[32m[Pascal][0m Total time 5.114293575286865
[32m[Pascal][0m Total time 4.884700775146484
[32m[Pascal][0m Total time 5.02845573425293
[32m[Pascal][0m Cores: 32 Input: 5 
[32m[Pascal][0m Total time 8.328913927078247
[32m[Pascal][0m Total time 8.296148777008057
[32m[Pascal][0m Total time 8.30691933631897
[32m[Pascal][0m Cores: 32 Input: 6 
[32m[Pascal][0m Total time 21.088351488113403
[32m[Pascal][0m Total time 20.5849871635437
[32m[Pascal][0m Total time 20.985456943511963
[32m[Pascal][0m Cores: 32 Input: 7 
[32m[Pascal][0m Total time 41.53151726722717
[32m[Pascal][0m Total time 39.238179206848145
[32m[Pascal][0m Total time 40.80401587486267
[32m[Pascal][0m Cores: 16 Input: 0 
[32m[Pascal][0m Total time 0.3350245952606201
[32m[Pascal][0m Total time 0.39884448051452637
[32m[Pascal][0m Total time 0.37273287773132324
[32m[Pascal][0m Cores: 16 Input: 1 
[32m[Pascal][0m Total time 0.6321289539337158
[32m[Pascal][0m Total time 0.654801607131958
[32m[Pascal][0m Total time 0.6364791393280029
[32m[Pascal][0m Cores: 16 Input: 2 
[32m[Pascal][0m Total time 1.220571517944336
[32m[Pascal][0m Total time 1.2240824699401855
[32m[Pascal][0m Total time 1.2166290283203125
[32m[Pascal][0m Cores: 16 Input: 3 
[32m[Pascal][0m Total time 2.654254674911499
[32m[Pascal][0m Total time 2.6273303031921387
[32m[Pascal][0m Total time 2.634643316268921
[32m[Pascal][0m Cores: 16 Input: 4 
[32m[Pascal][0m Total time 4.993978023529053
[32m[Pascal][0m Total time 5.268395900726318
[32m[Pascal][0m Total time 5.441319227218628
[32m[Pascal][0m Cores: 16 Input: 5 
[32m[Pascal][0m Total time 8.32375955581665
[32m[Pascal][0m Total time 8.076468229293823
[32m[Pascal][0m Total time 8.195273876190186
[32m[Pascal][0m Cores: 16 Input: 6 
[32m[Pascal][0m Total time 20.66821026802063
[32m[Pascal][0m Total time 20.435421466827393
[32m[Pascal][0m Total time 19.55388855934143
[32m[Pascal][0m Cores: 16 Input: 7 
[32m[Pascal][0m Total time 37.18246150016785
[32m[Pascal][0m Total time 41.049811363220215
[32m[Pascal][0m Total time 41.04484224319458
[32m[Pascal][0m Cores: 8 Input: 0 
[32m[Pascal][0m Total time 0.4182262420654297
[32m[Pascal][0m Total time 0.41535377502441406
[32m[Pascal][0m Total time 0.36399054527282715
[32m[Pascal][0m Cores: 8 Input: 1 
[32m[Pascal][0m Total time 0.6619210243225098
[32m[Pascal][0m Total time 0.6221015453338623
[32m[Pascal][0m Total time 0.6263284683227539
[32m[Pascal][0m Cores: 8 Input: 2 
[32m[Pascal][0m Total time 1.242870807647705
[32m[Pascal][0m Total time 1.23872709274292
[32m[Pascal][0m Total time 1.2463772296905518
[32m[Pascal][0m Cores: 8 Input: 3 
[32m[Pascal][0m Total time 2.6122829914093018
[32m[Pascal][0m Total time 2.553252696990967
[32m[Pascal][0m Total time 2.5855839252471924
[32m[Pascal][0m Cores: 8 Input: 4 
[32m[Pascal][0m Total time 5.122956037521362
[32m[Pascal][0m Total time 5.188158988952637
[32m[Pascal][0m Total time 5.000386714935303
[32m[Pascal][0m Cores: 8 Input: 5 
[32m[Pascal][0m Total time 8.352261066436768
[32m[Pascal][0m Total time 8.29147982597351
[32m[Pascal][0m Total time 8.386736154556274
[32m[Pascal][0m Cores: 8 Input: 6 
[32m[Pascal][0m Total time 19.86247491836548
[32m[Pascal][0m Total time 20.25118398666382
[32m[Pascal][0m Total time 16.54702377319336
[32m[Pascal][0m Cores: 8 Input: 7 
[32m[Pascal][0m Total time 38.37684774398804
[32m[Pascal][0m Total time 36.53855061531067
[32m[Pascal][0m Total time 39.58784461021423
[32m[Pascal][0m Cores: 4 Input: 0 
[32m[Pascal][0m Total time 1.4767959117889404
[32m[Pascal][0m Total time 0.3815305233001709
[32m[Pascal][0m Total time 1.5915791988372803
[32m[Pascal][0m Cores: 4 Input: 1 
[32m[Pascal][0m Total time 0.6358466148376465
[32m[Pascal][0m Total time 0.5783627033233643
[32m[Pascal][0m Total time 1.3904809951782227
[32m[Pascal][0m Cores: 4 Input: 2 
[32m[Pascal][0m Total time 1.237640380859375
[32m[Pascal][0m Total time 1.314810037612915
[32m[Pascal][0m Total time 1.1931266784667969
[32m[Pascal][0m Cores: 4 Input: 3 
[32m[Pascal][0m Total time 2.365440845489502
[32m[Pascal][0m Total time 2.422819137573242
[32m[Pascal][0m Total time 2.3477463722229004
[32m[Pascal][0m Cores: 4 Input: 4 
[32m[Pascal][0m Total time 5.002179384231567
[32m[Pascal][0m Total time 4.910208225250244
[32m[Pascal][0m Total time 4.96582293510437
[32m[Pascal][0m Cores: 4 Input: 5 
[32m[Pascal][0m Total time 8.639811515808105
[32m[Pascal][0m Total time 8.72607946395874
[32m[Pascal][0m Total time 8.638195037841797
[32m[Pascal][0m Cores: 4 Input: 6 
[32m[Pascal][0m Total time 20.191747903823853
[32m[Pascal][0m Total time 20.18642282485962
[32m[Pascal][0m Total time 20.20262575149536
[32m[Pascal][0m Cores: 4 Input: 7 
[32m[Pascal][0m Total time 40.3115348815918
[32m[Pascal][0m Total time 38.29957318305969
[32m[Pascal][0m Total time 38.38323354721069
[32m[Pascal][0m Cores: 2 Input: 0 
[32m[Pascal][0m Total time 0.3097870349884033
[32m[Pascal][0m Total time 0.3019523620605469
[32m[Pascal][0m Total time 0.31049394607543945
[32m[Pascal][0m Cores: 2 Input: 1 
[32m[Pascal][0m Total time 0.5759701728820801
[32m[Pascal][0m Total time 0.5642788410186768
[32m[Pascal][0m Total time 0.5732326507568359
[32m[Pascal][0m Cores: 2 Input: 2 
[32m[Pascal][0m Total time 1.1296262741088867
[32m[Pascal][0m Total time 1.1238203048706055
[32m[Pascal][0m Total time 1.1347534656524658
[32m[Pascal][0m Cores: 2 Input: 3 
[32m[Pascal][0m Total time 2.257913827896118
[32m[Pascal][0m Total time 2.1680502891540527
[32m[Pascal][0m Total time 2.1733713150024414
[32m[Pascal][0m Cores: 2 Input: 4 
[32m[Pascal][0m Total time 4.342917442321777
[32m[Pascal][0m Total time 4.777240037918091
[32m[Pascal][0m Total time 4.6784446239471436
[32m[Pascal][0m Cores: 2 Input: 5 
[32m[Pascal][0m Total time 8.635384798049927
[32m[Pascal][0m Total time 8.661466598510742
[32m[Pascal][0m Total time 8.618743896484375
[32m[Pascal][0m Cores: 2 Input: 6 
[32m[Pascal][0m Total time 20.38907766342163
[32m[Pascal][0m Total time 20.300565242767334
[32m[Pascal][0m Total time 20.277854442596436
[32m[Pascal][0m Cores: 2 Input: 7 
[32m[Pascal][0m Total time 40.38075041770935
[32m[Pascal][0m Total time 33.01824688911438
[32m[Pascal][0m Total time 40.48646283149719
[32m[Pascal][0m Cores: 1 Input: 0 
[32m[Pascal][0m Total time 0.2942655086517334
[32m[Pascal][0m Total time 0.29677510261535645
[32m[Pascal][0m Total time 0.31032276153564453
[32m[Pascal][0m Cores: 1 Input: 1 
[32m[Pascal][0m Total time 0.6378116607666016
[32m[Pascal][0m Total time 0.6603002548217773
[32m[Pascal][0m Total time 0.6439120769500732
[32m[Pascal][0m Cores: 1 Input: 2 
[32m[Pascal][0m Total time 1.4025421142578125
[32m[Pascal][0m Total time 1.396219253540039
[32m[Pascal][0m Total time 1.4077622890472412
[32m[Pascal][0m Cores: 1 Input: 3 
[32m[Pascal][0m Total time 2.7066264152526855
[32m[Pascal][0m Total time 2.7163383960723877
[32m[Pascal][0m Total time 2.69527006149292
[32m[Pascal][0m Cores: 1 Input: 4 
[32m[Pascal][0m Total time 5.407890558242798
[32m[Pascal][0m Total time 5.429973125457764
[32m[Pascal][0m Total time 5.423080205917358
[32m[Pascal][0m Cores: 1 Input: 5 
[32m[Pascal][0m Total time 10.842657804489136
[32m[Pascal][0m Total time 10.909322500228882
[32m[Pascal][0m Total time 10.882095336914062
[32m[Pascal][0m Cores: 1 Input: 6 
[32m[Pascal][0m Total time 21.297385692596436
[32m[Pascal][0m Total time 22.39604687690735
[32m[Pascal][0m Total time 22.41125750541687
[32m[Pascal][0m Cores: 1 Input: 7 
[32m[Pascal][0m Total time 44.104291677474976
[32m[Pascal][0m Total time 44.49692702293396
[32m[Pascal][0m Total time 44.09328055381775
[32m[Pascal][0m ***** Done! *****
[32m[Pascal][0m Saving data

>>> PaScal Analyzer — versão v2
[32m[Pascal][0m Running with ['cores', 'input', 'repetitions']
[32m[Pascal][0m Cores: 128 Input: 0 
[32m[Pascal][0m Total time 0.16300344467163086
[32m[Pascal][0m Total time 0.19936704635620117
[32m[Pascal][0m Total time 0.1927492618560791
[32m[Pascal][0m Cores: 128 Input: 1 
[32m[Pascal][0m Total time 0.3287832736968994
[32m[Pascal][0m Total time 0.2943754196166992
[32m[Pascal][0m Total time 0.33695006370544434
[32m[Pascal][0m Cores: 128 Input: 2 
[32m[Pascal][0m Total time 0.529282808303833
[32m[Pascal][0m Total time 0.5203180313110352
[32m[Pascal][0m Total time 0.5170836448669434
[32m[Pascal][0m Cores: 128 Input: 3 
[32m[Pascal][0m Total time 1.003617286682129
[32m[Pascal][0m Total time 1.0113208293914795
[32m[Pascal][0m Total time 1.047534704208374
[32m[Pascal][0m Cores: 128 Input: 4 
[32m[Pascal][0m Total time 2.6271204948425293
[32m[Pascal][0m Total time 2.6203887462615967
[32m[Pascal][0m Total time 2.6112258434295654
[32m[Pascal][0m Cores: 128 Input: 5 
[32m[Pascal][0m Total time 4.854574680328369
[32m[Pascal][0m Total time 4.4599609375
[32m[Pascal][0m Total time 4.4821343421936035
[32m[Pascal][0m Cores: 128 Input: 6 
[32m[Pascal][0m Total time 10.265018939971924
[32m[Pascal][0m Total time 10.026763916015625
[32m[Pascal][0m Total time 10.338133811950684
[32m[Pascal][0m Cores: 128 Input: 7 
[32m[Pascal][0m Total time 19.31563448905945
[32m[Pascal][0m Total time 19.307509899139404
[32m[Pascal][0m Total time 19.392053842544556
[32m[Pascal][0m Cores: 64 Input: 0 
[32m[Pascal][0m Total time 0.14274883270263672
[32m[Pascal][0m Total time 0.150315523147583
[32m[Pascal][0m Total time 0.16023039817810059
[32m[Pascal][0m Cores: 64 Input: 1 
[32m[Pascal][0m Total time 0.31153059005737305
[32m[Pascal][0m Total time 0.2706019878387451
[32m[Pascal][0m Total time 0.2807273864746094
[32m[Pascal][0m Cores: 64 Input: 2 
[32m[Pascal][0m Total time 0.49994468688964844
[32m[Pascal][0m Total time 0.5075297355651855
[32m[Pascal][0m Total time 0.514204740524292
[32m[Pascal][0m Cores: 64 Input: 3 
[32m[Pascal][0m Total time 0.981238603591919
[32m[Pascal][0m Total time 0.9889090061187744
[32m[Pascal][0m Total time 0.9887778759002686
[32m[Pascal][0m Cores: 64 Input: 4 
[32m[Pascal][0m Total time 2.5759010314941406
[32m[Pascal][0m Total time 2.5800628662109375
[32m[Pascal][0m Total time 2.5835423469543457
[32m[Pascal][0m Cores: 64 Input: 5 
[32m[Pascal][0m Total time 4.4625256061553955
[32m[Pascal][0m Total time 4.445129871368408
[32m[Pascal][0m Total time 4.427654027938843
[32m[Pascal][0m Cores: 64 Input: 6 
[32m[Pascal][0m Total time 9.08975100517273
[32m[Pascal][0m Total time 12.133922576904297
[32m[Pascal][0m Total time 12.400474548339844
[32m[Pascal][0m Cores: 64 Input: 7 
[32m[Pascal][0m Total time 23.182087659835815
[32m[Pascal][0m Total time 23.1513032913208
[32m[Pascal][0m Total time 22.811657667160034
[32m[Pascal][0m Cores: 32 Input: 0 
[32m[Pascal][0m Total time 0.14880943298339844
[32m[Pascal][0m Total time 0.1363544464111328
[32m[Pascal][0m Total time 0.1398470401763916
[32m[Pascal][0m Cores: 32 Input: 1 
[32m[Pascal][0m Total time 0.2858877182006836
[32m[Pascal][0m Total time 0.28551149368286133
[32m[Pascal][0m Total time 0.2612440586090088
[32m[Pascal][0m Cores: 32 Input: 2 
[32m[Pascal][0m Total time 0.4911344051361084
[32m[Pascal][0m Total time 0.46387195587158203
[32m[Pascal][0m Total time 0.4937431812286377
[32m[Pascal][0m Cores: 32 Input: 3 
[32m[Pascal][0m Total time 0.9706306457519531
[32m[Pascal][0m Total time 0.9595074653625488
[32m[Pascal][0m Total time 0.9736578464508057
[32m[Pascal][0m Cores: 32 Input: 4 
[32m[Pascal][0m Total time 2.6220879554748535
[32m[Pascal][0m Total time 2.583496332168579
[32m[Pascal][0m Total time 2.5535900592803955
[32m[Pascal][0m Cores: 32 Input: 5 
[32m[Pascal][0m Total time 4.366521835327148
[32m[Pascal][0m Total time 4.406716346740723
[32m[Pascal][0m Total time 4.404881954193115
[32m[Pascal][0m Cores: 32 Input: 6 
[32m[Pascal][0m Total time 15.771767616271973
[32m[Pascal][0m Total time 15.67418885231018
[32m[Pascal][0m Total time 9.096314430236816
[32m[Pascal][0m Cores: 32 Input: 7 
[32m[Pascal][0m Total time 29.429717779159546
[32m[Pascal][0m Total time 30.321728706359863
[32m[Pascal][0m Total time 29.729103088378906
[32m[Pascal][0m Cores: 16 Input: 0 
[32m[Pascal][0m Total time 0.13465094566345215
[32m[Pascal][0m Total time 0.15472793579101562
[32m[Pascal][0m Total time 0.1366105079650879
[32m[Pascal][0m Cores: 16 Input: 1 
[32m[Pascal][0m Total time 0.2729067802429199
[32m[Pascal][0m Total time 0.28592896461486816
[32m[Pascal][0m Total time 0.26779723167419434
[32m[Pascal][0m Cores: 16 Input: 2 
[32m[Pascal][0m Total time 0.5073840618133545
[32m[Pascal][0m Total time 0.507530927658081
[32m[Pascal][0m Total time 0.5128498077392578
[32m[Pascal][0m Cores: 16 Input: 3 
[32m[Pascal][0m Total time 0.990790843963623
[32m[Pascal][0m Total time 1.0296895503997803
[32m[Pascal][0m Total time 0.9676759243011475
[32m[Pascal][0m Cores: 16 Input: 4 
[32m[Pascal][0m Total time 2.5410773754119873
[32m[Pascal][0m Total time 2.5256311893463135
[32m[Pascal][0m Total time 2.529306173324585
[32m[Pascal][0m Cores: 16 Input: 5 
[32m[Pascal][0m Total time 4.477452039718628
[32m[Pascal][0m Total time 4.465295076370239
[32m[Pascal][0m Total time 4.4786505699157715
[32m[Pascal][0m Cores: 16 Input: 6 
[32m[Pascal][0m Total time 9.352819442749023
[32m[Pascal][0m Total time 14.383406162261963
[32m[Pascal][0m Total time 15.156855821609497
[32m[Pascal][0m Cores: 16 Input: 7 
[32m[Pascal][0m Total time 26.401728868484497
[32m[Pascal][0m Total time 23.65091037750244
[32m[Pascal][0m Total time 23.410888195037842
[32m[Pascal][0m Cores: 8 Input: 0 
[32m[Pascal][0m Total time 0.1780097484588623
[32m[Pascal][0m Total time 0.16836833953857422
[32m[Pascal][0m Total time 0.1568894386291504
[32m[Pascal][0m Cores: 8 Input: 1 
[32m[Pascal][0m Total time 0.292208194732666
[32m[Pascal][0m Total time 2.448233127593994
[32m[Pascal][0m Total time 1.1313982009887695
[32m[Pascal][0m Cores: 8 Input: 2 
[32m[Pascal][0m Total time 0.5389218330383301
[32m[Pascal][0m Total time 0.5802154541015625
[32m[Pascal][0m Total time 0.5402224063873291
[32m[Pascal][0m Cores: 8 Input: 3 
[32m[Pascal][0m Total time 2.227461576461792
[32m[Pascal][0m Total time 1.414125919342041
[32m[Pascal][0m Total time 1.3055732250213623
[32m[Pascal][0m Cores: 8 Input: 4 
[32m[Pascal][0m Total time 2.9692039489746094
[32m[Pascal][0m Total time 3.0035860538482666
[32m[Pascal][0m Total time 2.991384744644165
[32m[Pascal][0m Cores: 8 Input: 5 
[32m[Pascal][0m Total time 4.893429279327393
[32m[Pascal][0m Total time 4.905088424682617
[32m[Pascal][0m Total time 4.882986307144165
[32m[Pascal][0m Cores: 8 Input: 6 
[32m[Pascal][0m Total time 14.341595649719238
[32m[Pascal][0m Total time 12.022634029388428
[32m[Pascal][0m Total time 13.488531589508057
[32m[Pascal][0m Cores: 8 Input: 7 
[32m[Pascal][0m Total time 23.237104177474976
[32m[Pascal][0m Total time 28.358659505844116
[32m[Pascal][0m Total time 29.97390103340149
[32m[Pascal][0m Cores: 4 Input: 0 
[32m[Pascal][0m Total time 0.14831924438476562
[32m[Pascal][0m Total time 0.15047526359558105
[32m[Pascal][0m Total time 0.15295839309692383
[32m[Pascal][0m Cores: 4 Input: 1 
[32m[Pascal][0m Total time 0.3016338348388672
[32m[Pascal][0m Total time 0.2995927333831787
[32m[Pascal][0m Total time 0.2957160472869873
[32m[Pascal][0m Cores: 4 Input: 2 
[32m[Pascal][0m Total time 0.7024078369140625
[32m[Pascal][0m Total time 0.7064652442932129
[32m[Pascal][0m Total time 0.709857702255249
[32m[Pascal][0m Cores: 4 Input: 3 
[32m[Pascal][0m Total time 1.5122175216674805
[32m[Pascal][0m Total time 1.5111863613128662
[32m[Pascal][0m Total time 1.512206792831421
[32m[Pascal][0m Cores: 4 Input: 4 
[32m[Pascal][0m Total time 3.1910457611083984
[32m[Pascal][0m Total time 3.1662256717681885
[32m[Pascal][0m Total time 3.139486074447632
[32m[Pascal][0m Cores: 4 Input: 5 
[32m[Pascal][0m Total time 5.565852165222168
[32m[Pascal][0m Total time 5.529198884963989
[32m[Pascal][0m Total time 5.610243558883667
[32m[Pascal][0m Cores: 4 Input: 6 
[32m[Pascal][0m Total time 12.924824953079224
[32m[Pascal][0m Total time 12.802972316741943
[32m[Pascal][0m Total time 13.423972606658936
[32m[Pascal][0m Cores: 4 Input: 7 
[32m[Pascal][0m Total time 26.937861919403076
[32m[Pascal][0m Total time 29.68388319015503
[32m[Pascal][0m Total time 29.32361912727356
[32m[Pascal][0m Cores: 2 Input: 0 
[32m[Pascal][0m Total time 0.1657426357269287
[32m[Pascal][0m Total time 0.16848039627075195
[32m[Pascal][0m Total time 0.17346930503845215
[32m[Pascal][0m Cores: 2 Input: 1 
[32m[Pascal][0m Total time 0.37468409538269043
[32m[Pascal][0m Total time 0.3765847682952881
[32m[Pascal][0m Total time 0.3828427791595459
[32m[Pascal][0m Cores: 2 Input: 2 
[32m[Pascal][0m Total time 0.8732104301452637
[32m[Pascal][0m Total time 0.804760217666626
[32m[Pascal][0m Total time 0.8090353012084961
[32m[Pascal][0m Cores: 2 Input: 3 
[32m[Pascal][0m Total time 1.6146833896636963
[32m[Pascal][0m Total time 1.6199908256530762
[32m[Pascal][0m Total time 1.6156208515167236
[32m[Pascal][0m Cores: 2 Input: 4 
[32m[Pascal][0m Total time 3.2890877723693848
[32m[Pascal][0m Total time 3.2861223220825195
[32m[Pascal][0m Total time 3.2895562648773193
[32m[Pascal][0m Cores: 2 Input: 5 
[32m[Pascal][0m Total time 6.059062480926514
[32m[Pascal][0m Total time 6.0623791217803955
[32m[Pascal][0m Total time 6.044764280319214
[32m[Pascal][0m Cores: 2 Input: 6 
[32m[Pascal][0m Total time 14.992955207824707
[32m[Pascal][0m Total time 14.975234508514404
[32m[Pascal][0m Total time 14.985324382781982
[32m[Pascal][0m Cores: 2 Input: 7 
[32m[Pascal][0m Total time 29.871819734573364
[32m[Pascal][0m Total time 29.996773958206177
[32m[Pascal][0m Total time 29.873613595962524
[32m[Pascal][0m Cores: 1 Input: 0 
[32m[Pascal][0m Total time 0.2401747703552246
[32m[Pascal][0m Total time 0.24652743339538574
[32m[Pascal][0m Total time 0.24955058097839355
[32m[Pascal][0m Cores: 1 Input: 1 
[32m[Pascal][0m Total time 0.49561524391174316
[32m[Pascal][0m Total time 0.5034105777740479
[32m[Pascal][0m Total time 0.5087249279022217
[32m[Pascal][0m Cores: 1 Input: 2 
[32m[Pascal][0m Total time 1.0482048988342285
[32m[Pascal][0m Total time 1.0529048442840576
[32m[Pascal][0m Total time 1.0566668510437012
[32m[Pascal][0m Cores: 1 Input: 3 
[32m[Pascal][0m Total time 2.029634475708008
[32m[Pascal][0m Total time 2.0366275310516357
[32m[Pascal][0m Total time 2.0264434814453125
[32m[Pascal][0m Cores: 1 Input: 4 
[32m[Pascal][0m Total time 4.079866886138916
[32m[Pascal][0m Total time 4.072431325912476
[32m[Pascal][0m Total time 4.069242000579834
[32m[Pascal][0m Cores: 1 Input: 5 
[32m[Pascal][0m Total time 8.234342813491821
[32m[Pascal][0m Total time 8.205116033554077
[32m[Pascal][0m Total time 9.065526723861694
[32m[Pascal][0m Cores: 1 Input: 6 
[32m[Pascal][0m Total time 17.11453127861023
[32m[Pascal][0m Total time 17.131420135498047
[32m[Pascal][0m Total time 16.996595859527588
[32m[Pascal][0m Cores: 1 Input: 7 
[32m[Pascal][0m Total time 33.897165060043335
[32m[Pascal][0m Total time 33.62945365905762
[32m[Pascal][0m Total time 31.701958417892456
[32m[Pascal][0m ***** Done! *****
[32m[Pascal][0m Saving data

>>> PaScal Analyzer — versão v3
[32m[Pascal][0m Running with ['cores', 'input', 'repetitions']
[32m[Pascal][0m Cores: 128 Input: 0 
[32m[Pascal][0m Total time 0.04544878005981445
[32m[Pascal][0m Total time 0.03094029426574707
[32m[Pascal][0m Total time 0.02941274642944336
[32m[Pascal][0m Cores: 128 Input: 1 
[32m[Pascal][0m Total time 0.04708266258239746
[32m[Pascal][0m Total time 0.048471689224243164
[32m[Pascal][0m Total time 0.04965925216674805
[32m[Pascal][0m Cores: 128 Input: 2 
[32m[Pascal][0m Total time 0.06986212730407715
[32m[Pascal][0m Total time 0.06717395782470703
[32m[Pascal][0m Total time 0.06437134742736816
[32m[Pascal][0m Cores: 128 Input: 3 
[32m[Pascal][0m Total time 0.10332560539245605
[32m[Pascal][0m Total time 0.10625219345092773
[32m[Pascal][0m Total time 0.10841178894042969
[32m[Pascal][0m Cores: 128 Input: 4 
[32m[Pascal][0m Total time 0.34055495262145996
[32m[Pascal][0m Total time 0.41290783882141113
[32m[Pascal][0m Total time 0.3434579372406006
[32m[Pascal][0m Cores: 128 Input: 5 
[32m[Pascal][0m Total time 0.6926944255828857
[32m[Pascal][0m Total time 0.6914916038513184
[32m[Pascal][0m Total time 0.6902730464935303
[32m[Pascal][0m Cores: 128 Input: 6 
[32m[Pascal][0m Total time 1.429469347000122
[32m[Pascal][0m Total time 1.4749729633331299
[32m[Pascal][0m Total time 1.4669885635375977
[32m[Pascal][0m Cores: 128 Input: 7 
[32m[Pascal][0m Total time 2.8367462158203125
[32m[Pascal][0m Total time 2.8241021633148193
[32m[Pascal][0m Total time 2.8005077838897705
[32m[Pascal][0m Cores: 64 Input: 0 
[32m[Pascal][0m Total time 0.02281928062438965
[32m[Pascal][0m Total time 0.024723052978515625
[32m[Pascal][0m Total time 0.023662328720092773
[32m[Pascal][0m Cores: 64 Input: 1 
[32m[Pascal][0m Total time 0.042766571044921875
[32m[Pascal][0m Total time 0.03970479965209961
[32m[Pascal][0m Total time 0.044797658920288086
[32m[Pascal][0m Cores: 64 Input: 2 
[32m[Pascal][0m Total time 0.06034541130065918
[32m[Pascal][0m Total time 0.05288124084472656
[32m[Pascal][0m Total time 0.06071901321411133
[32m[Pascal][0m Cores: 64 Input: 3 
[32m[Pascal][0m Total time 0.09420323371887207
[32m[Pascal][0m Total time 0.08561348915100098
[32m[Pascal][0m Total time 0.09058642387390137
[32m[Pascal][0m Cores: 64 Input: 4 
[32m[Pascal][0m Total time 0.3190751075744629
[32m[Pascal][0m Total time 0.3169400691986084
[32m[Pascal][0m Total time 0.31130528450012207
[32m[Pascal][0m Cores: 64 Input: 5 
[32m[Pascal][0m Total time 0.7105858325958252
[32m[Pascal][0m Total time 0.6866233348846436
[32m[Pascal][0m Total time 0.6869170665740967
[32m[Pascal][0m Cores: 64 Input: 6 
[32m[Pascal][0m Total time 1.4794700145721436
[32m[Pascal][0m Total time 1.463757038116455
[32m[Pascal][0m Total time 1.490386724472046
[32m[Pascal][0m Cores: 64 Input: 7 
[32m[Pascal][0m Total time 2.9151992797851562
[32m[Pascal][0m Total time 3.0410103797912598
[32m[Pascal][0m Total time 2.867230176925659
[32m[Pascal][0m Cores: 32 Input: 0 
[32m[Pascal][0m Total time 0.02238774299621582
[32m[Pascal][0m Total time 0.02214813232421875
[32m[Pascal][0m Total time 0.022356271743774414
[32m[Pascal][0m Cores: 32 Input: 1 
[32m[Pascal][0m Total time 0.04529142379760742
[32m[Pascal][0m Total time 0.03528618812561035
[32m[Pascal][0m Total time 0.03750443458557129
[32m[Pascal][0m Cores: 32 Input: 2 
[32m[Pascal][0m Total time 0.07395720481872559
[32m[Pascal][0m Total time 0.07095003128051758
[32m[Pascal][0m Total time 0.06084036827087402
[32m[Pascal][0m Cores: 32 Input: 3 
[32m[Pascal][0m Total time 0.10913205146789551
[32m[Pascal][0m Total time 0.1035153865814209
[32m[Pascal][0m Total time 0.09848356246948242
[32m[Pascal][0m Cores: 32 Input: 4 
[32m[Pascal][0m Total time 0.32546091079711914
[32m[Pascal][0m Total time 0.32633423805236816
[32m[Pascal][0m Total time 0.36155009269714355
[32m[Pascal][0m Cores: 32 Input: 5 
[32m[Pascal][0m Total time 0.7278702259063721
[32m[Pascal][0m Total time 0.7561450004577637
[32m[Pascal][0m Total time 0.7281816005706787
[32m[Pascal][0m Cores: 32 Input: 6 
[32m[Pascal][0m Total time 1.5499188899993896
[32m[Pascal][0m Total time 1.5508830547332764
[32m[Pascal][0m Total time 1.5626859664916992
[32m[Pascal][0m Cores: 32 Input: 7 
[32m[Pascal][0m Total time 3.049530506134033
[32m[Pascal][0m Total time 3.0582919120788574
[32m[Pascal][0m Total time 3.133610725402832
[32m[Pascal][0m Cores: 16 Input: 0 
[32m[Pascal][0m Total time 0.027257919311523438
[32m[Pascal][0m Total time 0.030275344848632812
[32m[Pascal][0m Total time 0.025593042373657227
[32m[Pascal][0m Cores: 16 Input: 1 
[32m[Pascal][0m Total time 0.04138517379760742
[32m[Pascal][0m Total time 0.04767870903015137
[32m[Pascal][0m Total time 0.04273080825805664
[32m[Pascal][0m Cores: 16 Input: 2 
[32m[Pascal][0m Total time 0.08443808555603027
[32m[Pascal][0m Total time 0.07952666282653809
[32m[Pascal][0m Total time 0.08191180229187012
[32m[Pascal][0m Cores: 16 Input: 3 
[32m[Pascal][0m Total time 0.16021299362182617
[32m[Pascal][0m Total time 0.15941834449768066
[32m[Pascal][0m Total time 0.15615320205688477
[32m[Pascal][0m Cores: 16 Input: 4 
[32m[Pascal][0m Total time 0.3813009262084961
[32m[Pascal][0m Total time 0.41954469680786133
[32m[Pascal][0m Total time 0.41619229316711426
[32m[Pascal][0m Cores: 16 Input: 5 
[32m[Pascal][0m Total time 0.8853182792663574
[32m[Pascal][0m Total time 0.8486881256103516
[32m[Pascal][0m Total time 0.9144124984741211
[32m[Pascal][0m Cores: 16 Input: 6 
[32m[Pascal][0m Total time 1.77830171585083
[32m[Pascal][0m Total time 1.9330658912658691
[32m[Pascal][0m Total time 1.8247804641723633
[32m[Pascal][0m Cores: 16 Input: 7 
[32m[Pascal][0m Total time 3.5818352699279785
[32m[Pascal][0m Total time 3.4924535751342773
[32m[Pascal][0m Total time 3.5332798957824707
[32m[Pascal][0m Cores: 8 Input: 0 
[32m[Pascal][0m Total time 0.04357028007507324
[32m[Pascal][0m Total time 0.03734159469604492
[32m[Pascal][0m Total time 0.03643059730529785
[32m[Pascal][0m Cores: 8 Input: 1 
[32m[Pascal][0m Total time 0.07226705551147461
[32m[Pascal][0m Total time 0.06666827201843262
[32m[Pascal][0m Total time 0.07274651527404785
[32m[Pascal][0m Cores: 8 Input: 2 
[32m[Pascal][0m Total time 0.1418440341949463
[32m[Pascal][0m Total time 0.1371002197265625
[32m[Pascal][0m Total time 0.13678622245788574
[32m[Pascal][0m Cores: 8 Input: 3 
[32m[Pascal][0m Total time 0.3477752208709717
[32m[Pascal][0m Total time 0.37609171867370605
[32m[Pascal][0m Total time 0.37235593795776367
[32m[Pascal][0m Cores: 8 Input: 4 
[32m[Pascal][0m Total time 0.7291264533996582
[32m[Pascal][0m Total time 0.7303466796875
[32m[Pascal][0m Total time 0.7394318580627441
[32m[Pascal][0m Cores: 8 Input: 5 
[32m[Pascal][0m Total time 1.5945916175842285
[32m[Pascal][0m Total time 1.5489604473114014
[32m[Pascal][0m Total time 1.6024768352508545
[32m[Pascal][0m Cores: 8 Input: 6 
[32m[Pascal][0m Total time 3.1864075660705566
[32m[Pascal][0m Total time 3.215132713317871
[32m[Pascal][0m Total time 3.1805455684661865
[32m[Pascal][0m Cores: 8 Input: 7 
[32m[Pascal][0m Total time 6.280968189239502
[32m[Pascal][0m Total time 6.293899297714233
[32m[Pascal][0m Total time 6.304656267166138
[32m[Pascal][0m Cores: 4 Input: 0 
[32m[Pascal][0m Total time 0.06058049201965332
[32m[Pascal][0m Total time 0.06584405899047852
[32m[Pascal][0m Total time 0.06058526039123535
[32m[Pascal][0m Cores: 4 Input: 1 
[32m[Pascal][0m Total time 0.13702034950256348
[32m[Pascal][0m Total time 0.12895870208740234
[32m[Pascal][0m Total time 0.13034987449645996
[32m[Pascal][0m Cores: 4 Input: 2 
[32m[Pascal][0m Total time 0.3219165802001953
[32m[Pascal][0m Total time 0.31780457496643066
[32m[Pascal][0m Total time 0.3167862892150879
[32m[Pascal][0m Cores: 4 Input: 3 
[32m[Pascal][0m Total time 0.670703649520874
[32m[Pascal][0m Total time 0.6938660144805908
[32m[Pascal][0m Total time 0.6698074340820312
[32m[Pascal][0m Cores: 4 Input: 4 
[32m[Pascal][0m Total time 1.4427688121795654
[32m[Pascal][0m Total time 1.4501080513000488
[32m[Pascal][0m Total time 1.4263131618499756
[32m[Pascal][0m Cores: 4 Input: 5 
[32m[Pascal][0m Total time 2.9761950969696045
[32m[Pascal][0m Total time 2.977389097213745
[32m[Pascal][0m Total time 2.972987651824951
[32m[Pascal][0m Cores: 4 Input: 6 
[32m[Pascal][0m Total time 6.023902177810669
[32m[Pascal][0m Total time 6.054606914520264
[32m[Pascal][0m Total time 6.055358648300171
[32m[Pascal][0m Cores: 4 Input: 7 
[32m[Pascal][0m Total time 11.9668550491333
[32m[Pascal][0m Total time 12.016462326049805
[32m[Pascal][0m Total time 11.999329328536987
[32m[Pascal][0m Cores: 2 Input: 0 
[32m[Pascal][0m Total time 0.11494112014770508
[32m[Pascal][0m Total time 0.11230111122131348
[32m[Pascal][0m Total time 0.1122894287109375
[32m[Pascal][0m Cores: 2 Input: 1 
[32m[Pascal][0m Total time 0.2847013473510742
[32m[Pascal][0m Total time 0.28844308853149414
[32m[Pascal][0m Total time 0.2858593463897705
[32m[Pascal][0m Cores: 2 Input: 2 
[32m[Pascal][0m Total time 0.6488978862762451
[32m[Pascal][0m Total time 0.6501326560974121
[32m[Pascal][0m Total time 0.6511745452880859
[32m[Pascal][0m Cores: 2 Input: 3 
[32m[Pascal][0m Total time 1.382655382156372
[32m[Pascal][0m Total time 1.378819227218628
[32m[Pascal][0m Total time 1.3818001747131348
[32m[Pascal][0m Cores: 2 Input: 4 
[32m[Pascal][0m Total time 2.8551206588745117
[32m[Pascal][0m Total time 2.853334903717041
[32m[Pascal][0m Total time 2.861046552658081
[32m[Pascal][0m Cores: 2 Input: 5 
[32m[Pascal][0m Total time 5.7736570835113525
[32m[Pascal][0m Total time 5.7759013175964355
[32m[Pascal][0m Total time 5.780442476272583
[32m[Pascal][0m Cores: 2 Input: 6 
[32m[Pascal][0m Total time 11.72020411491394
[32m[Pascal][0m Total time 8.975001335144043
[32m[Pascal][0m Total time 11.72657322883606
[32m[Pascal][0m Cores: 2 Input: 7 
[32m[Pascal][0m Total time 23.305847644805908
[32m[Pascal][0m Total time 17.849462747573853
[32m[Pascal][0m Total time 23.298789024353027
[32m[Pascal][0m Cores: 1 Input: 0 
[32m[Pascal][0m Total time 0.24416518211364746
[32m[Pascal][0m Total time 0.24730348587036133
[32m[Pascal][0m Total time 0.250399112701416
[32m[Pascal][0m Cores: 1 Input: 1 
[32m[Pascal][0m Total time 0.5017356872558594
[32m[Pascal][0m Total time 0.5203015804290771
[32m[Pascal][0m Total time 0.5142955780029297
[32m[Pascal][0m Cores: 1 Input: 2 
[32m[Pascal][0m Total time 1.0589063167572021
[32m[Pascal][0m Total time 1.0690104961395264
[32m[Pascal][0m Total time 1.0619730949401855
[32m[Pascal][0m Cores: 1 Input: 3 
[32m[Pascal][0m Total time 2.0442733764648438
[32m[Pascal][0m Total time 2.0408713817596436
[32m[Pascal][0m Total time 2.031733989715576
[32m[Pascal][0m Cores: 1 Input: 4 
[32m[Pascal][0m Total time 4.086299180984497
[32m[Pascal][0m Total time 4.0764076709747314
[32m[Pascal][0m Total time 4.074485540390015
[32m[Pascal][0m Cores: 1 Input: 5 
[32m[Pascal][0m Total time 8.200111865997314
[32m[Pascal][0m Total time 8.23419451713562
[32m[Pascal][0m Total time 8.27090048789978
[32m[Pascal][0m Cores: 1 Input: 6 
[32m[Pascal][0m Total time 17.13416337966919
[32m[Pascal][0m Total time 17.10206699371338
[32m[Pascal][0m Total time 17.219067335128784
[32m[Pascal][0m Cores: 1 Input: 7 
[32m[Pascal][0m Total time 33.7140793800354
[32m[Pascal][0m Total time 33.754122257232666
[32m[Pascal][0m Total time 33.91166019439697
[32m[Pascal][0m ***** Done! *****
[32m[Pascal][0m Saving data

>>> PaScal Analyzer — versão v4
[32m[Pascal][0m Running with ['cores', 'input', 'repetitions']
[32m[Pascal][0m Cores: 128 Input: 0 
[32m[Pascal][0m Total time 0.043009042739868164
[32m[Pascal][0m Total time 0.03066229820251465
[32m[Pascal][0m Total time 0.02846074104309082
[32m[Pascal][0m Cores: 128 Input: 1 
[32m[Pascal][0m Total time 0.048963308334350586
[32m[Pascal][0m Total time 0.04832935333251953
[32m[Pascal][0m Total time 0.05126333236694336
[32m[Pascal][0m Cores: 128 Input: 2 
[32m[Pascal][0m Total time 0.07044768333435059
[32m[Pascal][0m Total time 0.06973695755004883
[32m[Pascal][0m Total time 0.06721735000610352
[32m[Pascal][0m Cores: 128 Input: 3 
[32m[Pascal][0m Total time 0.10600137710571289
[32m[Pascal][0m Total time 0.10321736335754395
[32m[Pascal][0m Total time 0.09997177124023438
[32m[Pascal][0m Cores: 128 Input: 4 
[32m[Pascal][0m Total time 0.34408044815063477
[32m[Pascal][0m Total time 0.4082033634185791
[32m[Pascal][0m Total time 0.4400200843811035
[32m[Pascal][0m Cores: 128 Input: 5 
[32m[Pascal][0m Total time 0.6836178302764893
[32m[Pascal][0m Total time 0.679706335067749
[32m[Pascal][0m Total time 0.6721858978271484
[32m[Pascal][0m Cores: 128 Input: 6 
[32m[Pascal][0m Total time 1.4448089599609375
[32m[Pascal][0m Total time 1.4469633102416992
[32m[Pascal][0m Total time 1.441946029663086
[32m[Pascal][0m Cores: 128 Input: 7 
[32m[Pascal][0m Total time 2.8302412033081055
[32m[Pascal][0m Total time 2.823446273803711
[32m[Pascal][0m Total time 2.82456111907959
[32m[Pascal][0m Cores: 64 Input: 0 
[32m[Pascal][0m Total time 0.027759552001953125
[32m[Pascal][0m Total time 0.02491021156311035
[32m[Pascal][0m Total time 0.025130748748779297
[32m[Pascal][0m Cores: 64 Input: 1 
[32m[Pascal][0m Total time 0.04214787483215332
[32m[Pascal][0m Total time 0.04437446594238281
[32m[Pascal][0m Total time 0.03753852844238281
[32m[Pascal][0m Cores: 64 Input: 2 
[32m[Pascal][0m Total time 0.05714273452758789
[32m[Pascal][0m Total time 0.05406069755554199
[32m[Pascal][0m Total time 0.05065464973449707
[32m[Pascal][0m Cores: 64 Input: 3 
[32m[Pascal][0m Total time 0.08970260620117188
[32m[Pascal][0m Total time 0.09123945236206055
[32m[Pascal][0m Total time 0.08629751205444336
[32m[Pascal][0m Cores: 64 Input: 4 
[32m[Pascal][0m Total time 0.30667591094970703
[32m[Pascal][0m Total time 0.308182954788208
[32m[Pascal][0m Total time 0.29901599884033203
[32m[Pascal][0m Cores: 64 Input: 5 
[32m[Pascal][0m Total time 0.6916916370391846
[32m[Pascal][0m Total time 0.6979410648345947
[32m[Pascal][0m Total time 0.6915662288665771
[32m[Pascal][0m Cores: 64 Input: 6 
[32m[Pascal][0m Total time 1.47202730178833
[32m[Pascal][0m Total time 1.5065829753875732
[32m[Pascal][0m Total time 1.4630029201507568
[32m[Pascal][0m Cores: 64 Input: 7 
[32m[Pascal][0m Total time 2.8781638145446777
[32m[Pascal][0m Total time 2.8921103477478027
[32m[Pascal][0m Total time 2.9022319316864014
[32m[Pascal][0m Cores: 32 Input: 0 
[32m[Pascal][0m Total time 0.022157907485961914
[32m[Pascal][0m Total time 0.022290468215942383
[32m[Pascal][0m Total time 0.021730422973632812
[32m[Pascal][0m Cores: 32 Input: 1 
[32m[Pascal][0m Total time 0.03794360160827637
[32m[Pascal][0m Total time 0.037396907806396484
[32m[Pascal][0m Total time 0.036330223083496094
[32m[Pascal][0m Cores: 32 Input: 2 
[32m[Pascal][0m Total time 0.08035755157470703
[32m[Pascal][0m Total time 0.06489443778991699
[32m[Pascal][0m Total time 0.07246279716491699
[32m[Pascal][0m Cores: 32 Input: 3 
[32m[Pascal][0m Total time 0.10638761520385742
[32m[Pascal][0m Total time 0.0994412899017334
[32m[Pascal][0m Total time 0.10668468475341797
[32m[Pascal][0m Cores: 32 Input: 4 
[32m[Pascal][0m Total time 0.32234764099121094
[32m[Pascal][0m Total time 0.32874321937561035
[32m[Pascal][0m Total time 0.32515883445739746
[32m[Pascal][0m Cores: 32 Input: 5 
[32m[Pascal][0m Total time 0.7619378566741943
[32m[Pascal][0m Total time 0.7262296676635742
[32m[Pascal][0m Total time 0.7236554622650146
[32m[Pascal][0m Cores: 32 Input: 6 
[32m[Pascal][0m Total time 1.6010661125183105
[32m[Pascal][0m Total time 1.5759234428405762
[32m[Pascal][0m Total time 1.5789244174957275
[32m[Pascal][0m Cores: 32 Input: 7 
[32m[Pascal][0m Total time 3.0531702041625977
[32m[Pascal][0m Total time 3.0606095790863037
[32m[Pascal][0m Total time 3.0505712032318115
[32m[Pascal][0m Cores: 16 Input: 0 
[32m[Pascal][0m Total time 0.029656648635864258
[32m[Pascal][0m Total time 0.03151869773864746
[32m[Pascal][0m Total time 0.025597810745239258
[32m[Pascal][0m Cores: 16 Input: 1 
[32m[Pascal][0m Total time 0.04111599922180176
[32m[Pascal][0m Total time 0.04793286323547363
[32m[Pascal][0m Total time 0.04135751724243164
[32m[Pascal][0m Cores: 16 Input: 2 
[32m[Pascal][0m Total time 0.0843973159790039
[32m[Pascal][0m Total time 0.07938075065612793
[32m[Pascal][0m Total time 0.08360981941223145
[32m[Pascal][0m Cores: 16 Input: 3 
[32m[Pascal][0m Total time 0.15897011756896973
[32m[Pascal][0m Total time 0.15991783142089844
[32m[Pascal][0m Total time 0.1579735279083252
[32m[Pascal][0m Cores: 16 Input: 4 
[32m[Pascal][0m Total time 0.3995373249053955
[32m[Pascal][0m Total time 0.4231436252593994
[32m[Pascal][0m Total time 0.38264966011047363
[32m[Pascal][0m Cores: 16 Input: 5 
[32m[Pascal][0m Total time 0.8265461921691895
[32m[Pascal][0m Total time 0.8663661479949951
[32m[Pascal][0m Total time 0.8717963695526123
[32m[Pascal][0m Cores: 16 Input: 6 
[32m[Pascal][0m Total time 1.8204610347747803
[32m[Pascal][0m Total time 1.8035922050476074
[32m[Pascal][0m Total time 1.8319156169891357
[32m[Pascal][0m Cores: 16 Input: 7 
[32m[Pascal][0m Total time 3.4886622428894043
[32m[Pascal][0m Total time 3.4894702434539795
[32m[Pascal][0m Total time 3.4841697216033936
[32m[Pascal][0m Cores: 8 Input: 0 
[32m[Pascal][0m Total time 0.03461337089538574
[32m[Pascal][0m Total time 0.03592109680175781
[32m[Pascal][0m Total time 0.03960108757019043
[32m[Pascal][0m Cores: 8 Input: 1 
[32m[Pascal][0m Total time 0.06475663185119629
[32m[Pascal][0m Total time 0.07370734214782715
[32m[Pascal][0m Total time 0.06669449806213379
[32m[Pascal][0m Cores: 8 Input: 2 
[32m[Pascal][0m Total time 0.1451714038848877
[32m[Pascal][0m Total time 0.13477087020874023
[32m[Pascal][0m Total time 0.13681602478027344
[32m[Pascal][0m Cores: 8 Input: 3 
[32m[Pascal][0m Total time 0.34144115447998047
[32m[Pascal][0m Total time 0.3428158760070801
[32m[Pascal][0m Total time 0.34027743339538574
[32m[Pascal][0m Cores: 8 Input: 4 
[32m[Pascal][0m Total time 0.7126128673553467
[32m[Pascal][0m Total time 0.7084417343139648
[32m[Pascal][0m Total time 0.7086739540100098
[32m[Pascal][0m Cores: 8 Input: 5 
[32m[Pascal][0m Total time 1.5341720581054688
[32m[Pascal][0m Total time 1.5287020206451416
[32m[Pascal][0m Total time 1.5358827114105225
[32m[Pascal][0m Cores: 8 Input: 6 
[32m[Pascal][0m Total time 3.1688332557678223
[32m[Pascal][0m Total time 3.1771020889282227
[32m[Pascal][0m Total time 3.182579517364502
[32m[Pascal][0m Cores: 8 Input: 7 
[32m[Pascal][0m Total time 6.2918031215667725
[32m[Pascal][0m Total time 6.299220085144043
[32m[Pascal][0m Total time 6.298975229263306
[32m[Pascal][0m Cores: 4 Input: 0 
[32m[Pascal][0m Total time 0.06617498397827148
[32m[Pascal][0m Total time 0.06840872764587402
[32m[Pascal][0m Total time 0.06062602996826172
[32m[Pascal][0m Cores: 4 Input: 1 
[32m[Pascal][0m Total time 0.1359701156616211
[32m[Pascal][0m Total time 0.1340804100036621
[32m[Pascal][0m Total time 0.1342322826385498
[32m[Pascal][0m Cores: 4 Input: 2 
[32m[Pascal][0m Total time 0.30255794525146484
[32m[Pascal][0m Total time 0.29971981048583984
[32m[Pascal][0m Total time 0.30111122131347656
[32m[Pascal][0m Cores: 4 Input: 3 
[32m[Pascal][0m Total time 0.6706202030181885
[32m[Pascal][0m Total time 0.6680994033813477
[32m[Pascal][0m Total time 0.667475700378418
[32m[Pascal][0m Cores: 4 Input: 4 
[32m[Pascal][0m Total time 1.4258160591125488
[32m[Pascal][0m Total time 1.4376349449157715
[32m[Pascal][0m Total time 1.4260072708129883
[32m[Pascal][0m Cores: 4 Input: 5 
[32m[Pascal][0m Total time 2.9754912853240967
[32m[Pascal][0m Total time 2.968721389770508
[32m[Pascal][0m Total time 2.971318006515503
[32m[Pascal][0m Cores: 4 Input: 6 
[32m[Pascal][0m Total time 6.029951810836792
[32m[Pascal][0m Total time 6.035692930221558
[32m[Pascal][0m Total time 6.025346279144287
[32m[Pascal][0m Cores: 4 Input: 7 
[32m[Pascal][0m Total time 11.974899530410767
[32m[Pascal][0m Total time 11.974752187728882
[32m[Pascal][0m Total time 11.982285261154175
[32m[Pascal][0m Cores: 2 Input: 0 
[32m[Pascal][0m Total time 0.11537575721740723
[32m[Pascal][0m Total time 0.11282181739807129
[32m[Pascal][0m Total time 0.11167550086975098
[32m[Pascal][0m Cores: 2 Input: 1 
[32m[Pascal][0m Total time 0.28413939476013184
[32m[Pascal][0m Total time 0.28682565689086914
[32m[Pascal][0m Total time 0.28618431091308594
[32m[Pascal][0m Cores: 2 Input: 2 
[32m[Pascal][0m Total time 0.6504971981048584
[32m[Pascal][0m Total time 0.6550507545471191
[32m[Pascal][0m Total time 0.6510529518127441
[32m[Pascal][0m Cores: 2 Input: 3 
[32m[Pascal][0m Total time 1.3765709400177002
[32m[Pascal][0m Total time 1.38181734085083
[32m[Pascal][0m Total time 1.3800396919250488
[32m[Pascal][0m Cores: 2 Input: 4 
[32m[Pascal][0m Total time 2.862264633178711
[32m[Pascal][0m Total time 2.8590307235717773
[32m[Pascal][0m Total time 2.8523566722869873
[32m[Pascal][0m Cores: 2 Input: 5 
[32m[Pascal][0m Total time 5.780434608459473
[32m[Pascal][0m Total time 4.335050344467163
[32m[Pascal][0m Total time 5.790800333023071
[32m[Pascal][0m Cores: 2 Input: 6 
[32m[Pascal][0m Total time 11.786317586898804
[32m[Pascal][0m Total time 8.99022626876831
[32m[Pascal][0m Total time 11.792776584625244
[32m[Pascal][0m Cores: 2 Input: 7 
[32m[Pascal][0m Total time 23.35615634918213
[32m[Pascal][0m Total time 23.255871772766113
[32m[Pascal][0m Total time 23.29893732070923
[32m[Pascal][0m Cores: 1 Input: 0 
[32m[Pascal][0m Total time 0.24452853202819824
[32m[Pascal][0m Total time 0.2545590400695801
[32m[Pascal][0m Total time 0.24880409240722656
[32m[Pascal][0m Cores: 1 Input: 1 
[32m[Pascal][0m Total time 0.6391985416412354
[32m[Pascal][0m Total time 0.506943941116333
[32m[Pascal][0m Total time 0.5000519752502441
[32m[Pascal][0m Cores: 1 Input: 2 
[32m[Pascal][0m Total time 1.0540385246276855
[32m[Pascal][0m Total time 1.0587012767791748
[32m[Pascal][0m Total time 1.0641443729400635
[32m[Pascal][0m Cores: 1 Input: 3 
[32m[Pascal][0m Total time 2.033991813659668
[32m[Pascal][0m Total time 2.0449554920196533
[32m[Pascal][0m Total time 2.0361311435699463
[32m[Pascal][0m Cores: 1 Input: 4 
[32m[Pascal][0m Total time 4.096826076507568
[32m[Pascal][0m Total time 4.097501516342163
[32m[Pascal][0m Total time 4.103405475616455
[32m[Pascal][0m Cores: 1 Input: 5 
[32m[Pascal][0m Total time 8.249358654022217
[32m[Pascal][0m Total time 8.21487307548523
[32m[Pascal][0m Total time 8.214805603027344
[32m[Pascal][0m Cores: 1 Input: 6 
[32m[Pascal][0m Total time 17.131654024124146
[32m[Pascal][0m Total time 17.0894877910614
[32m[Pascal][0m Total time 17.174336194992065
[32m[Pascal][0m Cores: 1 Input: 7 
[32m[Pascal][0m Total time 33.788174867630005
[32m[Pascal][0m Total time 33.646178007125854
[32m[Pascal][0m Total time 34.05254125595093
[32m[Pascal][0m ***** Done! *****
[32m[Pascal][0m Saving data

=== Concluído ===
-rw-r--r-- 1 vsdcarmo dca3703 47813 Sep 20 21:53 pascal_v1.json
-rw-r--r-- 1 vsdcarmo dca3703 47799 Sep 20 22:13 pascal_v2.json
-rw-r--r-- 1 vsdcarmo dca3703 47806 Sep 20 22:22 pascal_v3.json
-rw-r--r-- 1 vsdcarmo dca3703 47862 Sep 20 22:30 pascal_v4.json
