r2n09.npad.internal
== close
0 0,128
1 1,129
2 2,130
3 3,131
4 4,132
5 5,133
6 6,134
7 7,135
8 8,136
9 9,137
10 10,138
11 11,139
12 12,140
13 13,141
14 14,142
15 15,143
16 16,144
17 17,145
18 18,146
19 19,147
20 20,148
21 21,149
22 22,150
23 23,151
24 24,152
25 25,153
26 26,154
27 27,155
28 28,156
29 29,157
30 30,158
31 31,159
32 32,160
33 33,161
34 34,162
35 35,163
36 36,164
37 37,165
38 38,166
39 39,167
40 40,168
41 41,169
42 42,170
43 43,171
44 44,172
45 45,173
46 46,174
47 47,175
48 48,176
49 49,177
50 50,178
51 51,179
52 52,180
53 53,181
54 54,182
55 55,183
56 56,184
57 57,185
58 58,186
59 59,187
60 60,188
61 61,189
62 62,190
63 63,191
64 64,192
65 65,193
66 66,194
67 67,195
68 68,196
69 69,197
70 70,198
71 71,199
72 72,200
73 73,201
74 74,202
75 75,203
76 76,204
77 77,205
78 78,206
79 79,207
80 80,208
81 81,209
82 82,210
83 83,211
84 84,212
85 85,213
86 86,214
87 87,215
88 88,216
89 89,217
90 90,218
91 91,219
92 92,220
93 93,221
94 94,222
95 95,223
96 96,224
97 97,225
98 98,226
99 99,227
100 100,228
101 101,229
102 102,230
103 103,231
104 104,232
105 105,233
106 106,234
107 107,235
108 108,236
109 109,237
110 110,238
111 111,239
112 112,240
113 113,241
114 114,242
115 115,243
116 116,244
117 117,245
118 118,246
119 119,247
120 120,248
121 121,249
122 122,250
123 123,251
124 124,252
125 125,253
126 126,254
127 127,255
      1 128,0.030776
128,0.022018
128,0.018690
128,0.016091
== spread
0 0,128
1 1,129
2 2,130
3 3,131
4 4,132
5 5,133
6 6,134
7 7,135
8 8,136
9 9,137
10 10,138
11 11,139
12 12,140
13 13,141
14 14,142
15 15,143
16 16,144
17 17,145
18 18,146
19 19,147
20 20,148
21 21,149
22 22,150
23 23,151
24 24,152
25 25,153
26 26,154
27 27,155
28 28,156
29 29,157
30 30,158
31 31,159
32 32,160
33 33,161
34 34,162
35 35,163
36 36,164
37 37,165
38 38,166
39 39,167
40 40,168
41 41,169
42 42,170
43 43,171
44 44,172
45 45,173
46 46,174
47 47,175
48 48,176
49 49,177
50 50,178
51 51,179
52 52,180
53 53,181
54 54,182
55 55,183
56 56,184
57 57,185
58 58,186
59 59,187
60 60,188
61 61,189
62 62,190
63 63,191
64 64,192
65 65,193
66 66,194
67 67,195
68 68,196
69 69,197
70 70,198
71 71,199
72 72,200
73 73,201
74 74,202
75 75,203
76 76,204
77 77,205
78 78,206
79 79,207
80 80,208
81 81,209
82 82,210
83 83,211
84 84,212
85 85,213
86 86,214
87 87,215
88 88,216
89 89,217
90 90,218
91 91,219
92 92,220
93 93,221
94 94,222
95 95,223
96 96,224
97 97,225
98 98,226
99 99,227
100 100,228
101 101,229
102 102,230
103 103,231
104 104,232
105 105,233
106 106,234
107 107,235
108 108,236
109 109,237
110 110,238
111 111,239
112 112,240
113 113,241
114 114,242
115 115,243
116 116,244
117 117,245
118 118,246
119 119,247
120 120,248
121 121,249
122 122,250
123 123,251
124 124,252
125 125,253
126 126,254
127 127,255
      1 128,0.014920
128,0.013710
128,0.013967
128,0.013342
